// Jest Snapshot v1, https://goo.gl/fbAQLP

exports[`renders a sticky header component 1`] = `
<div
  className=""
/>
`;
